--------------------------------------------------------------------------------------
Timing Analyzer Summary
--------------------------------------------------------------------------------------

Type           : Worst-case tsu
Slack          : N/A
Required Time  : None
Actual Time    : 5.911 ns
From           : address_in[1]
To             : Cache:inst|CacheMemory:inst|CacheMemoryBlock:inst|lpm_dff0:inst4|lpm_ff:lpm_ff_component|dffs[0]
From Clock     : --
To Clock       : address_in[2]
Failed Paths   : 0

Type           : Worst-case tco
Slack          : N/A
Required Time  : None
Actual Time    : 53.551 ns
From           : Cache:inst|CacheControlUnit:inst1|CacheControlBlock:inst4|lpm_counter0:inst47|lpm_counter:lpm_counter_component|cntr_u9j:auto_generated|safe_q[0]
To             : data_out_memory[7]
From Clock     : address_in[1]
To Clock       : --
Failed Paths   : 0

Type           : Worst-case tpd
Slack          : N/A
Required Time  : None
Actual Time    : 18.675 ns
From           : address_in[1]
To             : data_out_memory[7]
From Clock     : --
To Clock       : --
Failed Paths   : 0

Type           : Worst-case th
Slack          : N/A
Required Time  : None
Actual Time    : 38.341 ns
From           : data_in_cpu[5]
To             : Cache:inst|CacheMemory:inst|CacheMemoryBlock:inst6|lpm_dff0:inst16|lpm_ff:lpm_ff_component|dffs[5]
From Clock     : --
To Clock       : address_in[1]
Failed Paths   : 0

Type           : Clock Setup: 'address_in[2]'
Slack          : N/A
Required Time  : None
Actual Time    : 24.78 MHz ( period = 40.363 ns )
From           : Cache:inst|CacheControlUnit:inst1|CacheControlBlock:inst4|lpm_counter0:inst47|lpm_counter:lpm_counter_component|cntr_u9j:auto_generated|safe_q[0]
To             : Cache:inst|CacheMemory:inst|CacheMemoryBlock:inst|lpm_dff0:inst4|lpm_ff:lpm_ff_component|dffs[0]
From Clock     : address_in[2]
To Clock       : address_in[2]
Failed Paths   : 0

Type           : Clock Setup: 'address_in[1]'
Slack          : N/A
Required Time  : None
Actual Time    : 24.95 MHz ( period = 40.077 ns )
From           : Cache:inst|CacheControlUnit:inst1|CacheControlBlock:inst4|lpm_counter0:inst47|lpm_counter:lpm_counter_component|cntr_u9j:auto_generated|safe_q[0]
To             : Cache:inst|CacheMemory:inst|CacheMemoryBlock:inst|lpm_dff0:inst4|lpm_ff:lpm_ff_component|dffs[0]
From Clock     : address_in[1]
To Clock       : address_in[1]
Failed Paths   : 0

Type           : Clock Setup: 'clk'
Slack          : N/A
Required Time  : None
Actual Time    : 26.85 MHz ( period = 37.239 ns )
From           : Cache:inst|CacheControlUnit:inst1|inst48
To             : Cache:inst|CacheControlUnit:inst1|lpm_counter2:inst35|lpm_counter:lpm_counter_component|cntr_qoi:auto_generated|safe_q[2]
From Clock     : clk
To Clock       : clk
Failed Paths   : 0

Type           : Clock Setup: 'read_strob'
Slack          : N/A
Required Time  : None
Actual Time    : 27.43 MHz ( period = 36.459 ns )
From           : Cache:inst|CacheControlUnit:inst1|CacheControlBlock:inst4|lpm_counter0:inst47|lpm_counter:lpm_counter_component|cntr_u9j:auto_generated|safe_q[0]
To             : Cache:inst|CacheMemory:inst|CacheMemoryBlock:inst|lpm_dff0:inst4|lpm_ff:lpm_ff_component|dffs[0]
From Clock     : read_strob
To Clock       : read_strob
Failed Paths   : 0

Type           : Clock Setup: 'write_strob'
Slack          : N/A
Required Time  : None
Actual Time    : 27.43 MHz ( period = 36.459 ns )
From           : Cache:inst|CacheControlUnit:inst1|CacheControlBlock:inst4|lpm_counter0:inst47|lpm_counter:lpm_counter_component|cntr_u9j:auto_generated|safe_q[0]
To             : Cache:inst|CacheMemory:inst|CacheMemoryBlock:inst|lpm_dff0:inst4|lpm_ff:lpm_ff_component|dffs[0]
From Clock     : write_strob
To Clock       : write_strob
Failed Paths   : 0

Type           : Clock Setup: 'address_in[3]'
Slack          : N/A
Required Time  : None
Actual Time    : 30.36 MHz ( period = 32.937 ns )
From           : Cache:inst|CacheControlUnit:inst1|CacheControlBlock:inst4|lpm_counter0:inst47|lpm_counter:lpm_counter_component|cntr_u9j:auto_generated|safe_q[0]
To             : Cache:inst|CacheMemory:inst|CacheMemoryBlock:inst|lpm_dff0:inst4|lpm_ff:lpm_ff_component|dffs[0]
From Clock     : address_in[3]
To Clock       : address_in[3]
Failed Paths   : 0

Type           : Clock Setup: 'address_in[4]'
Slack          : N/A
Required Time  : None
Actual Time    : 30.36 MHz ( period = 32.937 ns )
From           : Cache:inst|CacheControlUnit:inst1|CacheControlBlock:inst4|lpm_counter0:inst47|lpm_counter:lpm_counter_component|cntr_u9j:auto_generated|safe_q[0]
To             : Cache:inst|CacheMemory:inst|CacheMemoryBlock:inst|lpm_dff0:inst4|lpm_ff:lpm_ff_component|dffs[0]
From Clock     : address_in[4]
To Clock       : address_in[4]
Failed Paths   : 0

Type           : Clock Setup: 'address_in[6]'
Slack          : N/A
Required Time  : None
Actual Time    : 30.52 MHz ( period = 32.761 ns )
From           : Cache:inst|CacheControlUnit:inst1|CacheControlBlock:inst4|lpm_counter0:inst47|lpm_counter:lpm_counter_component|cntr_u9j:auto_generated|safe_q[0]
To             : Cache:inst|CacheMemory:inst|CacheMemoryBlock:inst|lpm_dff0:inst4|lpm_ff:lpm_ff_component|dffs[0]
From Clock     : address_in[6]
To Clock       : address_in[6]
Failed Paths   : 0

Type           : Clock Setup: 'address_in[5]'
Slack          : N/A
Required Time  : None
Actual Time    : 30.52 MHz ( period = 32.761 ns )
From           : Cache:inst|CacheControlUnit:inst1|CacheControlBlock:inst4|lpm_counter0:inst47|lpm_counter:lpm_counter_component|cntr_u9j:auto_generated|safe_q[0]
To             : Cache:inst|CacheMemory:inst|CacheMemoryBlock:inst|lpm_dff0:inst4|lpm_ff:lpm_ff_component|dffs[0]
From Clock     : address_in[5]
To Clock       : address_in[5]
Failed Paths   : 0

Type           : Clock Hold: 'clk'
Slack          : Not operational: Clock Skew > Data Delay
Required Time  : None
Actual Time    : N/A
From           : Cache:inst|CacheControlUnit:inst1|lpm_counter4:inst92|lpm_counter:lpm_counter_component|cntr_3ai:auto_generated|safe_q[0]
To             : Cache:inst|CacheMemory:inst|CacheMemoryBlock:inst4|lpm_dff0:inst16|lpm_ff:lpm_ff_component|dffs[2]
From Clock     : clk
To Clock       : clk
Failed Paths   : 10000

Type           : Clock Hold: 'address_in[2]'
Slack          : Not operational: Clock Skew > Data Delay
Required Time  : None
Actual Time    : N/A
From           : Cache:inst|CacheControlUnit:inst1|CacheControlBlock:inst4|lpm_counter0:inst47|lpm_counter:lpm_counter_component|cntr_u9j:auto_generated|safe_q[6]
To             : Cache:inst|CacheControlUnit:inst1|CacheControlBlock:inst4|lpm_counter0:inst47|lpm_counter:lpm_counter_component|cntr_u9j:auto_generated|safe_q[7]
From Clock     : address_in[2]
To Clock       : address_in[2]
Failed Paths   : 10000

Type           : Clock Hold: 'address_in[1]'
Slack          : Not operational: Clock Skew > Data Delay
Required Time  : None
Actual Time    : N/A
From           : Cache:inst|CacheControlUnit:inst1|CacheControlBlock:inst4|lpm_counter0:inst47|lpm_counter:lpm_counter_component|cntr_u9j:auto_generated|safe_q[6]
To             : Cache:inst|CacheControlUnit:inst1|CacheControlBlock:inst4|lpm_counter0:inst47|lpm_counter:lpm_counter_component|cntr_u9j:auto_generated|safe_q[7]
From Clock     : address_in[1]
To Clock       : address_in[1]
Failed Paths   : 10000

Type           : Clock Hold: 'write_strob'
Slack          : Not operational: Clock Skew > Data Delay
Required Time  : None
Actual Time    : N/A
From           : Cache:inst|CacheControlUnit:inst1|inst36
To             : Cache:inst|CacheMemory:inst|CacheMemoryBlock:inst6|lpm_dff0:inst16|lpm_ff:lpm_ff_component|dffs[7]
From Clock     : write_strob
To Clock       : write_strob
Failed Paths   : 10000

Type           : Clock Hold: 'read_strob'
Slack          : Not operational: Clock Skew > Data Delay
Required Time  : None
Actual Time    : N/A
From           : Cache:inst|CacheControlUnit:inst1|inst36
To             : Cache:inst|CacheMemory:inst|CacheMemoryBlock:inst6|lpm_dff0:inst16|lpm_ff:lpm_ff_component|dffs[7]
From Clock     : read_strob
To Clock       : read_strob
Failed Paths   : 10000

Type           : Clock Hold: 'address_in[4]'
Slack          : Not operational: Clock Skew > Data Delay
Required Time  : None
Actual Time    : N/A
From           : Cache:inst|CacheControlUnit:inst1|CacheControlBlock:inst4|lpm_counter0:inst47|lpm_counter:lpm_counter_component|cntr_u9j:auto_generated|safe_q[6]
To             : Cache:inst|CacheControlUnit:inst1|CacheControlBlock:inst4|lpm_counter0:inst47|lpm_counter:lpm_counter_component|cntr_u9j:auto_generated|safe_q[7]
From Clock     : address_in[4]
To Clock       : address_in[4]
Failed Paths   : 10000

Type           : Clock Hold: 'address_in[3]'
Slack          : Not operational: Clock Skew > Data Delay
Required Time  : None
Actual Time    : N/A
From           : Cache:inst|CacheControlUnit:inst1|CacheControlBlock:inst4|lpm_counter0:inst47|lpm_counter:lpm_counter_component|cntr_u9j:auto_generated|safe_q[6]
To             : Cache:inst|CacheControlUnit:inst1|CacheControlBlock:inst4|lpm_counter0:inst47|lpm_counter:lpm_counter_component|cntr_u9j:auto_generated|safe_q[7]
From Clock     : address_in[3]
To Clock       : address_in[3]
Failed Paths   : 10000

Type           : Clock Hold: 'address_in[5]'
Slack          : Not operational: Clock Skew > Data Delay
Required Time  : None
Actual Time    : N/A
From           : Cache:inst|CacheControlUnit:inst1|CacheControlBlock:inst4|lpm_counter0:inst47|lpm_counter:lpm_counter_component|cntr_u9j:auto_generated|safe_q[6]
To             : Cache:inst|CacheControlUnit:inst1|CacheControlBlock:inst4|lpm_counter0:inst47|lpm_counter:lpm_counter_component|cntr_u9j:auto_generated|safe_q[7]
From Clock     : address_in[5]
To Clock       : address_in[5]
Failed Paths   : 10000

Type           : Clock Hold: 'address_in[6]'
Slack          : Not operational: Clock Skew > Data Delay
Required Time  : None
Actual Time    : N/A
From           : Cache:inst|CacheControlUnit:inst1|CacheControlBlock:inst4|lpm_counter0:inst47|lpm_counter:lpm_counter_component|cntr_u9j:auto_generated|safe_q[6]
To             : Cache:inst|CacheControlUnit:inst1|CacheControlBlock:inst4|lpm_counter0:inst47|lpm_counter:lpm_counter_component|cntr_u9j:auto_generated|safe_q[7]
From Clock     : address_in[6]
To Clock       : address_in[6]
Failed Paths   : 10000

Type           : Total number of failed paths
Slack          : 
Required Time  : 
Actual Time    : 
From           : 
To             : 
From Clock     : 
To Clock       : 
Failed Paths   : 90000

--------------------------------------------------------------------------------------

