--------------------------------------------------------------------------------------
Timing Analyzer Summary
--------------------------------------------------------------------------------------

Type           : Worst-case tsu
Slack          : N/A
Required Time  : None
Actual Time    : 4.452 ns
From           : address_in[1]
To             : Cache:inst|CacheMemory:inst|CacheMemoryBlock:inst|lpm_dff0:inst4|lpm_ff:lpm_ff_component|dffs[3]
From Clock     : --
To Clock       : address_in[1]
Failed Paths   : 0

Type           : Worst-case tco
Slack          : N/A
Required Time  : None
Actual Time    : 58.891 ns
From           : Cache:inst|CacheControlUnit:inst1|CacheControlBlock:inst4|lpm_counter0:inst47|lpm_counter:lpm_counter_component|cntr_u9j:auto_generated|safe_q[0]
To             : data_cache_to_cpu[1]
From Clock     : address_in[2]
To Clock       : --
Failed Paths   : 0

Type           : Worst-case tpd
Slack          : N/A
Required Time  : None
Actual Time    : 18.408 ns
From           : address_in[1]
To             : data_cache_to_cpu[1]
From Clock     : --
To Clock       : --
Failed Paths   : 0

Type           : Worst-case th
Slack          : N/A
Required Time  : None
Actual Time    : 41.542 ns
From           : address_in[3]
To             : Cache:inst|CacheMemory:inst|CacheMemoryBlock:inst5|lpm_dff0:inst4|lpm_ff:lpm_ff_component|dffs[7]
From Clock     : --
To Clock       : address_in[2]
Failed Paths   : 0

Type           : Clock Setup: 'address_in[2]'
Slack          : N/A
Required Time  : None
Actual Time    : 22.33 MHz ( period = 44.778 ns )
From           : Cache:inst|CacheControlUnit:inst1|CacheControlBlock:inst4|lpm_counter0:inst47|lpm_counter:lpm_counter_component|cntr_u9j:auto_generated|safe_q[0]
To             : Cache:inst|CacheMemory:inst|CacheMemoryBlock:inst|lpm_dff0:inst4|lpm_ff:lpm_ff_component|dffs[3]
From Clock     : address_in[2]
To Clock       : address_in[2]
Failed Paths   : 0

Type           : Clock Setup: 'address_in[1]'
Slack          : N/A
Required Time  : None
Actual Time    : 22.37 MHz ( period = 44.711 ns )
From           : Cache:inst|CacheControlUnit:inst1|CacheControlBlock:inst4|lpm_counter0:inst47|lpm_counter:lpm_counter_component|cntr_u9j:auto_generated|safe_q[0]
To             : Cache:inst|CacheMemory:inst|CacheMemoryBlock:inst|lpm_dff0:inst4|lpm_ff:lpm_ff_component|dffs[3]
From Clock     : address_in[1]
To Clock       : address_in[1]
Failed Paths   : 0

Type           : Clock Setup: 'clk'
Slack          : N/A
Required Time  : None
Actual Time    : 23.95 MHz ( period = 41.749 ns )
From           : Cache:inst|CacheControlUnit:inst1|inst36
To             : Cache:inst|CacheControlUnit:inst1|lpm_counter2:inst30|lpm_counter:lpm_counter_component|cntr_qoi:auto_generated|safe_q[0]
From Clock     : clk
To Clock       : clk
Failed Paths   : 0

Type           : Clock Setup: 'address_in[5]'
Slack          : N/A
Required Time  : None
Actual Time    : 26.99 MHz ( period = 37.053 ns )
From           : Cache:inst|CacheControlUnit:inst1|CacheControlBlock:inst4|lpm_counter0:inst47|lpm_counter:lpm_counter_component|cntr_u9j:auto_generated|safe_q[0]
To             : Cache:inst|CacheMemory:inst|CacheMemoryBlock:inst|lpm_dff0:inst4|lpm_ff:lpm_ff_component|dffs[3]
From Clock     : address_in[5]
To Clock       : address_in[5]
Failed Paths   : 0

Type           : Clock Setup: 'address_in[6]'
Slack          : N/A
Required Time  : None
Actual Time    : 26.99 MHz ( period = 37.045 ns )
From           : Cache:inst|CacheControlUnit:inst1|CacheControlBlock:inst4|lpm_counter0:inst47|lpm_counter:lpm_counter_component|cntr_u9j:auto_generated|safe_q[0]
To             : Cache:inst|CacheMemory:inst|CacheMemoryBlock:inst|lpm_dff0:inst4|lpm_ff:lpm_ff_component|dffs[3]
From Clock     : address_in[6]
To Clock       : address_in[6]
Failed Paths   : 0

Type           : Clock Setup: 'address_in[4]'
Slack          : N/A
Required Time  : None
Actual Time    : 27.36 MHz ( period = 36.555 ns )
From           : Cache:inst|CacheControlUnit:inst1|CacheControlBlock:inst4|lpm_counter0:inst47|lpm_counter:lpm_counter_component|cntr_u9j:auto_generated|safe_q[0]
To             : Cache:inst|CacheMemory:inst|CacheMemoryBlock:inst|lpm_dff0:inst4|lpm_ff:lpm_ff_component|dffs[3]
From Clock     : address_in[4]
To Clock       : address_in[4]
Failed Paths   : 0

Type           : Clock Setup: 'address_in[3]'
Slack          : N/A
Required Time  : None
Actual Time    : 27.36 MHz ( period = 36.555 ns )
From           : Cache:inst|CacheControlUnit:inst1|CacheControlBlock:inst4|lpm_counter0:inst47|lpm_counter:lpm_counter_component|cntr_u9j:auto_generated|safe_q[0]
To             : Cache:inst|CacheMemory:inst|CacheMemoryBlock:inst|lpm_dff0:inst4|lpm_ff:lpm_ff_component|dffs[3]
From Clock     : address_in[3]
To Clock       : address_in[3]
Failed Paths   : 0

Type           : Clock Setup: 'write_strob'
Slack          : N/A
Required Time  : None
Actual Time    : 29.87 MHz ( period = 33.478 ns )
From           : Cache:inst|CacheControlUnit:inst1|CacheControlBlock:inst4|lpm_counter0:inst47|lpm_counter:lpm_counter_component|cntr_u9j:auto_generated|safe_q[0]
To             : Cache:inst|CacheMemory:inst|CacheMemoryBlock:inst|lpm_dff0:inst4|lpm_ff:lpm_ff_component|dffs[3]
From Clock     : write_strob
To Clock       : write_strob
Failed Paths   : 0

Type           : Clock Setup: 'read_strob'
Slack          : N/A
Required Time  : None
Actual Time    : 29.87 MHz ( period = 33.478 ns )
From           : Cache:inst|CacheControlUnit:inst1|CacheControlBlock:inst4|lpm_counter0:inst47|lpm_counter:lpm_counter_component|cntr_u9j:auto_generated|safe_q[0]
To             : Cache:inst|CacheMemory:inst|CacheMemoryBlock:inst|lpm_dff0:inst4|lpm_ff:lpm_ff_component|dffs[3]
From Clock     : read_strob
To Clock       : read_strob
Failed Paths   : 0

Type           : Clock Hold: 'clk'
Slack          : Not operational: Clock Skew > Data Delay
Required Time  : None
Actual Time    : N/A
From           : Cache:inst|CacheControlUnit:inst1|lpm_counter4:inst92|lpm_counter:lpm_counter_component|cntr_3ai:auto_generated|safe_q[0]
To             : Cache:inst|CacheMemory:inst|CacheMemoryBlock:inst4|lpm_dff0:inst32|lpm_ff:lpm_ff_component|dffs[1]
From Clock     : clk
To Clock       : clk
Failed Paths   : 10000

Type           : Clock Hold: 'address_in[1]'
Slack          : Not operational: Clock Skew > Data Delay
Required Time  : None
Actual Time    : N/A
From           : Cache:inst|CacheControlUnit:inst1|CacheControlBlock:inst6|inst41
To             : Cache:inst|CacheMemory:inst|CacheMemoryBlock:inst6|lpm_dff0:inst16|lpm_ff:lpm_ff_component|dffs[3]
From Clock     : address_in[1]
To Clock       : address_in[1]
Failed Paths   : 10000

Type           : Clock Hold: 'address_in[2]'
Slack          : Not operational: Clock Skew > Data Delay
Required Time  : None
Actual Time    : N/A
From           : Cache:inst|CacheControlUnit:inst1|CacheControlBlock:inst6|inst41
To             : Cache:inst|CacheMemory:inst|CacheMemoryBlock:inst6|lpm_dff0:inst16|lpm_ff:lpm_ff_component|dffs[3]
From Clock     : address_in[2]
To Clock       : address_in[2]
Failed Paths   : 10000

Type           : Clock Hold: 'address_in[5]'
Slack          : Not operational: Clock Skew > Data Delay
Required Time  : None
Actual Time    : N/A
From           : Cache:inst|CacheControlUnit:inst1|inst48
To             : Cache:inst|CacheMemory:inst|CacheMemoryBlock:inst6|lpm_dff0:inst16|lpm_ff:lpm_ff_component|dffs[6]
From Clock     : address_in[5]
To Clock       : address_in[5]
Failed Paths   : 10000

Type           : Clock Hold: 'address_in[6]'
Slack          : Not operational: Clock Skew > Data Delay
Required Time  : None
Actual Time    : N/A
From           : Cache:inst|CacheControlUnit:inst1|inst48
To             : Cache:inst|CacheMemory:inst|CacheMemoryBlock:inst6|lpm_dff0:inst16|lpm_ff:lpm_ff_component|dffs[6]
From Clock     : address_in[6]
To Clock       : address_in[6]
Failed Paths   : 10000

Type           : Clock Hold: 'address_in[3]'
Slack          : Not operational: Clock Skew > Data Delay
Required Time  : None
Actual Time    : N/A
From           : Cache:inst|CacheControlUnit:inst1|inst48
To             : Cache:inst|CacheMemory:inst|CacheMemoryBlock:inst6|lpm_dff0:inst16|lpm_ff:lpm_ff_component|dffs[6]
From Clock     : address_in[3]
To Clock       : address_in[3]
Failed Paths   : 10000

Type           : Clock Hold: 'address_in[4]'
Slack          : Not operational: Clock Skew > Data Delay
Required Time  : None
Actual Time    : N/A
From           : Cache:inst|CacheControlUnit:inst1|inst48
To             : Cache:inst|CacheMemory:inst|CacheMemoryBlock:inst6|lpm_dff0:inst16|lpm_ff:lpm_ff_component|dffs[6]
From Clock     : address_in[4]
To Clock       : address_in[4]
Failed Paths   : 10000

Type           : Clock Hold: 'read_strob'
Slack          : Not operational: Clock Skew > Data Delay
Required Time  : None
Actual Time    : N/A
From           : Cache:inst|CacheControlUnit:inst1|inst36
To             : Cache:inst|CacheMemory:inst|CacheMemoryBlock:inst6|lpm_dff0:inst16|lpm_ff:lpm_ff_component|dffs[6]
From Clock     : read_strob
To Clock       : read_strob
Failed Paths   : 10000

Type           : Clock Hold: 'write_strob'
Slack          : Not operational: Clock Skew > Data Delay
Required Time  : None
Actual Time    : N/A
From           : Cache:inst|CacheControlUnit:inst1|inst36
To             : Cache:inst|CacheMemory:inst|CacheMemoryBlock:inst6|lpm_dff0:inst16|lpm_ff:lpm_ff_component|dffs[6]
From Clock     : write_strob
To Clock       : write_strob
Failed Paths   : 10000

Type           : Total number of failed paths
Slack          : 
Required Time  : 
Actual Time    : 
From           : 
To             : 
From Clock     : 
To Clock       : 
Failed Paths   : 90000

--------------------------------------------------------------------------------------

